// Jest Snapshot v1, https://goo.gl/fbAQLP

exports[`<Main /> should render the main component 1`] = `
.c0 {
  background-color: #06092b;
  color: #fff;
  width: 100%;
  height: 100%;
  text-align: center;
  display: -webkit-box;
  display: -webkit-flex;
  display: -ms-flexbox;
  display: flex;
  -webkit-flex-direction: column;
  -ms-flex-direction: column;
  flex-direction: column;
  -webkit-box-pack: center;
  -webkit-justify-content: center;
  -ms-flex-pack: center;
  justify-content: center;
}

.c1 {
  padding: 20px;
  font-size: 6rem;
}

.c2 {
  font-size: 3rem;
}

<main
  class="c0"
>
  <h1
    class="c1"
  >
    Next Boilerplate
  </h1>
  <p
    class="c2"
  >
    TypeScript, ReactJS, NextJS e Styled Components
  </p>
</main>
`;
